// Jest Snapshot v1, https://goo.gl/fbAQLP

exports[`Pruebas en <TodoApp /> Debe mostrarse correctamente 1`] = `
<div>
  <h1>
    ToDoApp ( 
    0
     )
  </h1>
  <hr />
  <div
    className="row"
  >
    <div
      className="col-7"
    >
      <TodoList
        handleDeletion={[Function]}
        handleToggle={[Function]}
        todos={Array []}
      />
    </div>
    <div
      className="col-5"
    >
      <TodoAdd
        handleAdd={[Function]}
      />
    </div>
  </div>
</div>
`;
