// Jest Snapshot v1, https://goo.gl/fbAQLP

exports[`Pruebas en <HomeScreen/> Debe mostrarse correctamente 1`] = `
<div>
  <h1>
    HomeScreen
  </h1>
  <hr />
  <pre>
     
    {
   "name": "Javier",
   "email": "jpb@gmail.com"
}
     
  </pre>
</div>
`;
