// Jest Snapshot v1, https://goo.gl/fbAQLP

exports[`Pruebas en <UseRefRealExample/> Debe mostrarse correctamente 1`] = `
<div>
  <h1>
    useRef Real Example
  </h1>
  <hr />
  <button
    className="btn btn-primary mt-3"
    onClick={[Function]}
  >
    Show/Hide
  </button>
</div>
`;
